### Starting TaskPrologue of job 804882 on a0322 at Thu Aug 10 11:46:22 CEST 2023
Running on cores 0-14 with governor ondemand
Thu Aug 10 11:46:22 2023       
+---------------------------------------------------------------------------------------+
| NVIDIA-SMI 535.54.03              Driver Version: 535.54.03    CUDA Version: 12.2     |
|-----------------------------------------+----------------------+----------------------+
| GPU  Name                 Persistence-M | Bus-Id        Disp.A | Volatile Uncorr. ECC |
| Fan  Temp   Perf          Pwr:Usage/Cap |         Memory-Usage | GPU-Util  Compute M. |
|                                         |                      |               MIG M. |
|=========================================+======================+======================|
|   0  NVIDIA A40                     On  | 00000000:01:00.0 Off |                  Off |
|  0%   33C    P8              22W / 300W |      4MiB / 49140MiB |      0%      Default |
|                                         |                      |                  N/A |
+-----------------------------------------+----------------------+----------------------+
                                                                                         
+---------------------------------------------------------------------------------------+
| Processes:                                                                            |
|  GPU   GI   CI        PID   Type   Process name                            GPU Memory |
|        ID   ID                                                             Usage      |
|=======================================================================================|
|  No running processes found                                                           |
+---------------------------------------------------------------------------------------+
### Finished TaskPrologue

no change     /apps/python/3.9-anaconda/condabin/conda
no change     /apps/python/3.9-anaconda/bin/conda
no change     /apps/python/3.9-anaconda/bin/conda-env
no change     /apps/python/3.9-anaconda/bin/activate
no change     /apps/python/3.9-anaconda/bin/deactivate
no change     /apps/python/3.9-anaconda/etc/profile.d/conda.sh
no change     /apps/python/3.9-anaconda/etc/fish/conf.d/conda.fish
no change     /apps/python/3.9-anaconda/shell/condabin/Conda.psm1
no change     /apps/python/3.9-anaconda/shell/condabin/conda-hook.ps1
no change     /apps/python/3.9-anaconda/lib/python3.9/site-packages/xontrib/conda.xsh
no change     /apps/python/3.9-anaconda/etc/profile.d/conda.csh
no change     /home/hpc/b112dc/b112dc10/.bashrc
No action taken.
Traceback (most recent call last):
  File "/home/hpc/b112dc/b112dc10/git/objaverse-rendering/scripts_custom/generate_json_from_text.py", line 32, in <module>
    with concurrent.futures.ThreadPoolExecutor(max_workers=4) as executor:
AttributeError: module 'concurrent' has no attribute 'futures'
srun: error: a0322: task 0: Exited with exit code 1
srun: launch/slurm: _step_signal: Terminating StepId=804882.0
=== JOB_STATISTICS ===
=== current date     : Thu Aug 10 11:47:28 CEST 2023
= Job-ID             : 804882 on alex
= Job-Name           : generate_json.slurm
= Job-Command        : /home/hpc/b112dc/b112dc10/git/objaverse-rendering/slurm_files/generate_json.slurm
= Initial workdir    : /home/hpc/b112dc/b112dc10/git/objaverse-rendering
= Queue/Partition    : a40
= Slurm account      : b112dc with QOS=normal
= Requested resources: cpu=15,mem=56250M,node=1,billing=15,gres/gpu=1,gres/gpu:a40=1 for 01:00:00
= Elapsed runtime    : 00:01:13
= Total RAM usage    : 0.0 GiB of assigned 54 GiB (0.0%)   
= Node list          : a0322
= Subm/Elig/Start/End: 2023-08-10T11:46:15 / 2023-08-10T11:46:15 / 2023-08-10T11:46:15 / 2023-08-10T11:47:28
======================
=== Quota infos ======
    Path              Used     SoftQ    HardQ    Gracetime  Filec    FileQ    FiHaQ    FileGrace    
    /home/hpc           46.8G    52.4G   104.9G        N/A     313K     500K   1,000K        N/A    
    /home/vault          0.0K   524.3G  1048.6G        N/A       1      200K     400K        N/A    
======================
=== GPU utilization ==
gpu_name, gpu_bus_id, pid, gpu_utilization [%], mem_utilization [%], max_memory_usage [MiB], time [ms]
