### Starting TaskPrologue of job 805008 on a0128 at Thu Aug 10 14:01:13 CEST 2023
Running on cores 0-14 with governor ondemand
Thu Aug 10 14:01:13 2023       
+---------------------------------------------------------------------------------------+
| NVIDIA-SMI 535.54.03              Driver Version: 535.54.03    CUDA Version: 12.2     |
|-----------------------------------------+----------------------+----------------------+
| GPU  Name                 Persistence-M | Bus-Id        Disp.A | Volatile Uncorr. ECC |
| Fan  Temp   Perf          Pwr:Usage/Cap |         Memory-Usage | GPU-Util  Compute M. |
|                                         |                      |               MIG M. |
|=========================================+======================+======================|
|   0  NVIDIA A40                     On  | 00000000:01:00.0 Off |                  Off |
|  0%   33C    P8              21W / 300W |      4MiB / 49140MiB |      0%      Default |
|                                         |                      |                  N/A |
+-----------------------------------------+----------------------+----------------------+
                                                                                         
+---------------------------------------------------------------------------------------+
| Processes:                                                                            |
|  GPU   GI   CI        PID   Type   Process name                            GPU Memory |
|        ID   ID                                                             Usage      |
|=======================================================================================|
|  No running processes found                                                           |
+---------------------------------------------------------------------------------------+
### Finished TaskPrologue

no change     /apps/python/3.9-anaconda/condabin/conda
no change     /apps/python/3.9-anaconda/bin/conda
no change     /apps/python/3.9-anaconda/bin/conda-env
no change     /apps/python/3.9-anaconda/bin/activate
no change     /apps/python/3.9-anaconda/bin/deactivate
no change     /apps/python/3.9-anaconda/etc/profile.d/conda.sh
no change     /apps/python/3.9-anaconda/etc/fish/conf.d/conda.fish
no change     /apps/python/3.9-anaconda/shell/condabin/Conda.psm1
no change     /apps/python/3.9-anaconda/shell/condabin/conda-hook.ps1
no change     /apps/python/3.9-anaconda/lib/python3.9/site-packages/xontrib/conda.xsh
no change     /apps/python/3.9-anaconda/etc/profile.d/conda.csh
no change     /home/hpc/b112dc/b112dc10/.bashrc
No action taken.
Traceback (most recent call last):
  File "/home/hpc/b112dc/b112dc10/git/objaverse-rendering/scripts_custom/generate_json_from_text.py", line 33, in <module>
    list_paths = p.map(find, name, object_paths)
  File "/home/atuin/b112dc/b112dc10/software/privat/conda/envs/pyobjaverse/lib/python3.7/multiprocessing/pool.py", line 268, in map
    return self._map_async(func, iterable, mapstar, chunksize).get()
  File "/home/atuin/b112dc/b112dc10/software/privat/conda/envs/pyobjaverse/lib/python3.7/multiprocessing/pool.py", line 394, in _map_async
    error_callback=error_callback)
  File "/home/atuin/b112dc/b112dc10/software/privat/conda/envs/pyobjaverse/lib/python3.7/multiprocessing/pool.py", line 682, in __init__
    if chunksize <= 0:
TypeError: '<=' not supported between instances of 'dict' and 'int'
srun: error: a0128: task 0: Exited with exit code 1
srun: launch/slurm: _step_signal: Terminating StepId=805008.0
=== JOB_STATISTICS ===
=== current date     : Thu Aug 10 14:03:57 CEST 2023
= Job-ID             : 805008 on alex
= Job-Name           : generate_json.slurm
= Job-Command        : /home/hpc/b112dc/b112dc10/git/objaverse-rendering/slurm_files/generate_json.slurm
= Initial workdir    : /home/hpc/b112dc/b112dc10/git/objaverse-rendering
= Queue/Partition    : a40
= Slurm account      : b112dc with QOS=normal
= Requested resources: cpu=15,mem=56250M,node=1,billing=15,gres/gpu=1,gres/gpu:a40=1 for 01:00:00
= Elapsed runtime    : 00:02:51
= Total RAM usage    : 0.3 GiB of assigned 54 GiB (0.6%)   
= Node list          : a0128
= Subm/Elig/Start/End: 2023-08-10T14:01:06 / 2023-08-10T14:01:06 / 2023-08-10T14:01:06 / 2023-08-10T14:03:57
======================
=== Quota infos ======
    Path              Used     SoftQ    HardQ    Gracetime  Filec    FileQ    FiHaQ    FileGrace    
    /home/hpc           46.9G    52.4G   104.9G        N/A     313K     500K   1,000K        N/A    
    /home/vault          0.0K   524.3G  1048.6G        N/A       1      200K     400K        N/A    
    janus.rrze.uni-erlangen.de:/zfspool/viphome/iwi9-datasets   163.6G     0.0K     0.0K        N/A     800K                          N/A    
======================
=== GPU utilization ==
gpu_name, gpu_bus_id, pid, gpu_utilization [%], mem_utilization [%], max_memory_usage [MiB], time [ms]
