### Starting TaskPrologue of job 798566 on a0424 at Fri Aug  4 12:16:04 CEST 2023
Running on cores 64-79 with governor ondemand
Fri Aug  4 12:16:04 2023       
+---------------------------------------------------------------------------------------+
| NVIDIA-SMI 535.54.03              Driver Version: 535.54.03    CUDA Version: 12.2     |
|-----------------------------------------+----------------------+----------------------+
| GPU  Name                 Persistence-M | Bus-Id        Disp.A | Volatile Uncorr. ECC |
| Fan  Temp   Perf          Pwr:Usage/Cap |         Memory-Usage | GPU-Util  Compute M. |
|                                         |                      |               MIG M. |
|=========================================+======================+======================|
|   0  NVIDIA A40                     On  | 00000000:81:00.0 Off |                  Off |
|  0%   33C    P8              21W / 300W |      4MiB / 49140MiB |      0%      Default |
|                                         |                      |                  N/A |
+-----------------------------------------+----------------------+----------------------+
                                                                                         
+---------------------------------------------------------------------------------------+
| Processes:                                                                            |
|  GPU   GI   CI        PID   Type   Process name                            GPU Memory |
|        ID   ID                                                             Usage      |
|=======================================================================================|
|  No running processes found                                                           |
+---------------------------------------------------------------------------------------+
### Finished TaskPrologue

no change     /apps/python/3.9-anaconda/condabin/conda
no change     /apps/python/3.9-anaconda/bin/conda
no change     /apps/python/3.9-anaconda/bin/conda-env
no change     /apps/python/3.9-anaconda/bin/activate
no change     /apps/python/3.9-anaconda/bin/deactivate
no change     /apps/python/3.9-anaconda/etc/profile.d/conda.sh
no change     /apps/python/3.9-anaconda/etc/fish/conf.d/conda.fish
no change     /apps/python/3.9-anaconda/shell/condabin/Conda.psm1
no change     /apps/python/3.9-anaconda/shell/condabin/conda-hook.ps1
no change     /apps/python/3.9-anaconda/lib/python3.9/site-packages/xontrib/conda.xsh
no change     /apps/python/3.9-anaconda/etc/profile.d/conda.csh
no change     /home/hpc/b112dc/b112dc10/.bashrc
No action taken.
Number of cores 16
/home/janus/iwi9-datasets/objaverse-objects/hf-objaverse-v1/glbs/000-075/4033d59b50a145aeb0f8955282bd2526.glb
srun: Job step aborted: Waiting up to 32 seconds for job step to finish.
slurmstepd: error: *** STEP 798566.0 ON a0424 CANCELLED AT 2023-08-04T15:10:12 ***
slurmstepd: error: *** JOB 798566 ON a0424 CANCELLED AT 2023-08-04T15:10:12 ***
=== JOB_STATISTICS ===
=== current date     : Fri Aug  4 15:10:16 CEST 2023
= Job-ID             : 798566 on alex
= Job-Name           : generate_json.slurm
= Job-Command        : /home/hpc/b112dc/b112dc10/git/objaverse-rendering/slurm_files/generate_json.slurm
= Initial workdir    : /home/hpc/b112dc/b112dc10/git/objaverse-rendering
= Queue/Partition    : a40
= Slurm account      : b112dc with QOS=normal
= Requested resources: cpu=16,mem=60000M,node=1,billing=16,gres/gpu=1,gres/gpu:a40=1 for 08:00:00
= Elapsed runtime    : 02:54:11
= Total RAM usage    : 2.1 GiB of assigned 58 GiB (3.6%)   
= Node list          : a0424
= Subm/Elig/Start/End: 2023-08-04T12:16:00 / 2023-08-04T12:16:00 / 2023-08-04T12:16:01 / 2023-08-04T15:10:12
======================
=== Quota infos ======
    Path              Used     SoftQ    HardQ    Gracetime  Filec    FileQ    FiHaQ    FileGrace    
    /home/hpc           48.6G    52.4G   104.9G        N/A     379K     500K   1,000K        N/A    
======================
=== GPU utilization ==
gpu_name, gpu_bus_id, pid, gpu_utilization [%], mem_utilization [%], max_memory_usage [MiB], time [ms]
