### Starting TaskPrologue of job 804037 on a0228 at Wed Aug  9 22:22:07 CEST 2023
Running on cores 32-47 with governor ondemand
Wed Aug  9 22:22:07 2023       
+---------------------------------------------------------------------------------------+
| NVIDIA-SMI 535.54.03              Driver Version: 535.54.03    CUDA Version: 12.2     |
|-----------------------------------------+----------------------+----------------------+
| GPU  Name                 Persistence-M | Bus-Id        Disp.A | Volatile Uncorr. ECC |
| Fan  Temp   Perf          Pwr:Usage/Cap |         Memory-Usage | GPU-Util  Compute M. |
|                                         |                      |               MIG M. |
|=========================================+======================+======================|
|   0  NVIDIA A40                     On  | 00000000:41:00.0 Off |                  Off |
|  0%   33C    P8              12W / 300W |      4MiB / 49140MiB |      0%      Default |
|                                         |                      |                  N/A |
+-----------------------------------------+----------------------+----------------------+
                                                                                         
+---------------------------------------------------------------------------------------+
| Processes:                                                                            |
|  GPU   GI   CI        PID   Type   Process name                            GPU Memory |
|        ID   ID                                                             Usage      |
|=======================================================================================|
|  No running processes found                                                           |
+---------------------------------------------------------------------------------------+
### Finished TaskPrologue

no change     /apps/python/3.9-anaconda/condabin/conda
no change     /apps/python/3.9-anaconda/bin/conda
no change     /apps/python/3.9-anaconda/bin/conda-env
no change     /apps/python/3.9-anaconda/bin/activate
no change     /apps/python/3.9-anaconda/bin/deactivate
no change     /apps/python/3.9-anaconda/etc/profile.d/conda.sh
no change     /apps/python/3.9-anaconda/etc/fish/conf.d/conda.fish
no change     /apps/python/3.9-anaconda/shell/condabin/Conda.psm1
no change     /apps/python/3.9-anaconda/shell/condabin/conda-hook.ps1
no change     /apps/python/3.9-anaconda/lib/python3.9/site-packages/xontrib/conda.xsh
no change     /apps/python/3.9-anaconda/etc/profile.d/conda.csh
no change     /home/hpc/b112dc/b112dc10/.bashrc
No action taken.
Number of cores 16
srun: Job step aborted: Waiting up to 32 seconds for job step to finish.
slurmstepd: error: *** JOB 804037 ON a0228 CANCELLED AT 2023-08-09T22:26:47 ***
slurmstepd: error: *** STEP 804037.0 ON a0228 CANCELLED AT 2023-08-09T22:26:47 ***
=== JOB_STATISTICS ===
=== current date     : Wed Aug  9 22:26:51 CEST 2023
= Job-ID             : 804037 on alex
= Job-Name           : generate_json.slurm
= Job-Command        : /home/hpc/b112dc/b112dc10/git/objaverse-rendering/slurm_files/generate_json.slurm
= Initial workdir    : /home/hpc/b112dc/b112dc10/git/objaverse-rendering
= Queue/Partition    : a40
= Slurm account      : b112dc with QOS=normal
= Requested resources: cpu=16,mem=60000M,node=1,billing=16,gres/gpu=1,gres/gpu:a40=1 for 08:00:00
= Elapsed runtime    : 00:04:43
= Total RAM usage    : 0.3 GiB of assigned 58 GiB (0.5%)   
= Node list          : a0228
= Subm/Elig/Start/End: 2023-08-09T22:22:04 / 2023-08-09T22:22:04 / 2023-08-09T22:22:04 / 2023-08-09T22:26:47
======================
=== Quota infos ======
    Path              Used     SoftQ    HardQ    Gracetime  Filec    FileQ    FiHaQ    FileGrace    
    /home/hpc           46.8G    52.4G   104.9G        N/A     312K     500K   1,000K        N/A    
    /home/vault          0.0K   524.3G  1048.6G        N/A       1      200K     400K        N/A    
    janus.rrze.uni-erlangen.de:/zfspool/viphome/iwi9-datasets   163.6G     0.0K     0.0K        N/A     800K                          N/A    
======================
=== GPU utilization ==
gpu_name, gpu_bus_id, pid, gpu_utilization [%], mem_utilization [%], max_memory_usage [MiB], time [ms]
