=== JOB_STATISTICS ===
=== current date     : Fri Aug  4 13:31:00 CEST 2023
= Job-ID             : 798636 on alex
= Job-Name           : rendering.slurm
= Job-Command        : /home/hpc/b112dc/b112dc10/git/objaverse-rendering/slurm_files/rendering.slurm
= Initial workdir    : /home/hpc/b112dc/b112dc10/git/objaverse-rendering
= Queue/Partition    : a40
= Slurm account      : b112dc with QOS=normal
= Requested resources: cpu=16,mem=60000M,node=1,billing=16,gres/gpu=1,gres/gpu:a40=1 for 08:00:00
= Elapsed runtime    : 00:00:57
= Total RAM usage    : 0.2 GiB of assigned 58 GiB (0.3%)   
= Node list          : a0424
= Subm/Elig/Start/End: 2023-08-04T13:30:02 / 2023-08-04T13:30:02 / 2023-08-04T13:30:03 / 2023-08-04T13:31:00
======================
=== Quota infos ======
    Path              Used     SoftQ    HardQ    Gracetime  Filec    FileQ    FiHaQ    FileGrace    
    /home/hpc           48.6G    52.4G   104.9G        N/A     379K     500K   1,000K        N/A    
======================
=== GPU utilization ==
gpu_name, gpu_bus_id, pid, gpu_utilization [%], mem_utilization [%], max_memory_usage [MiB], time [ms]
