### Starting TaskPrologue of job 798652 on a0424 at Fri Aug  4 13:48:00 CEST 2023
Running on cores 16-31 with governor ondemand
Fri Aug  4 13:48:00 2023       
+---------------------------------------------------------------------------------------+
| NVIDIA-SMI 535.54.03              Driver Version: 535.54.03    CUDA Version: 12.2     |
|-----------------------------------------+----------------------+----------------------+
| GPU  Name                 Persistence-M | Bus-Id        Disp.A | Volatile Uncorr. ECC |
| Fan  Temp   Perf          Pwr:Usage/Cap |         Memory-Usage | GPU-Util  Compute M. |
|                                         |                      |               MIG M. |
|=========================================+======================+======================|
|   0  NVIDIA A40                     On  | 00000000:25:00.0 Off |                  Off |
|  0%   32C    P8              22W / 300W |      4MiB / 49140MiB |      0%      Default |
|                                         |                      |                  N/A |
+-----------------------------------------+----------------------+----------------------+
                                                                                         
+---------------------------------------------------------------------------------------+
| Processes:                                                                            |
|  GPU   GI   CI        PID   Type   Process name                            GPU Memory |
|        ID   ID                                                             Usage      |
|=======================================================================================|
|  No running processes found                                                           |
+---------------------------------------------------------------------------------------+
### Finished TaskPrologue

no change     /apps/python/3.9-anaconda/condabin/conda
no change     /apps/python/3.9-anaconda/bin/conda
no change     /apps/python/3.9-anaconda/bin/conda-env
no change     /apps/python/3.9-anaconda/bin/activate
no change     /apps/python/3.9-anaconda/bin/deactivate
no change     /apps/python/3.9-anaconda/etc/profile.d/conda.sh
no change     /apps/python/3.9-anaconda/etc/fish/conf.d/conda.fish
no change     /apps/python/3.9-anaconda/shell/condabin/Conda.psm1
no change     /apps/python/3.9-anaconda/shell/condabin/conda-hook.ps1
no change     /apps/python/3.9-anaconda/lib/python3.9/site-packages/xontrib/conda.xsh
no change     /apps/python/3.9-anaconda/etc/profile.d/conda.csh
no change     /home/hpc/b112dc/b112dc10/.bashrc
No action taken.
https://huggingface.co/datasets/allenai/objaverse/resolve/main/glbs/000-090/d4c9180a46cf401fa24fa3afe9237a43.glb
the object name starts with http
downloading the object here
Failed to render https://huggingface.co/datasets/allenai/objaverse/resolve/main/glbs/000-090/d4c9180a46cf401fa24fa3afe9237a43.glb
<urlopen error [SSL: CERTIFICATE_VERIFY_FAILED] certificate verify failed: unable to get local issuer certificate (_ssl.c:997)>
Blender 3.3.1 (hash b292cfe5a936 built 2022-10-05 00:14:35)
/run/user/210289/gvfs/ non-existent directory

Blender quit
https://huggingface.co/datasets/allenai/objaverse/resolve/main/glbs/000-099/655444d3fcdc4eef9cfc993daeb4fa37.glb
the object name starts with http
downloading the object here
Failed to render https://huggingface.co/datasets/allenai/objaverse/resolve/main/glbs/000-099/655444d3fcdc4eef9cfc993daeb4fa37.glb
<urlopen error [SSL: CERTIFICATE_VERIFY_FAILED] certificate verify failed: unable to get local issuer certificate (_ssl.c:997)>
Blender 3.3.1 (hash b292cfe5a936 built 2022-10-05 00:14:35)
/run/user/210289/gvfs/ non-existent directory

Blender quit
https://huggingface.co/datasets/allenai/objaverse/resolve/main/glbs/000-065/dc19a68329ab435fa32344269e5a27dc.glb
the object name starts with http
downloading the object here
Failed to render https://huggingface.co/datasets/allenai/objaverse/resolve/main/glbs/000-065/dc19a68329ab435fa32344269e5a27dc.glb
<urlopen error [SSL: CERTIFICATE_VERIFY_FAILED] certificate verify failed: unable to get local issuer certificate (_ssl.c:997)>
Blender 3.3.1 (hash b292cfe5a936 built 2022-10-05 00:14:35)
/run/user/210289/gvfs/ non-existent directory

Blender quit
https://huggingface.co/datasets/allenai/objaverse/resolve/main/glbs/000-064/e9fe70b8fc094d26a08bb4b8c1c37518.glb
the object name starts with http
downloading the object here
Failed to render https://huggingface.co/datasets/allenai/objaverse/resolve/main/glbs/000-064/e9fe70b8fc094d26a08bb4b8c1c37518.glb
<urlopen error [SSL: CERTIFICATE_VERIFY_FAILED] certificate verify failed: unable to get local issuer certificate (_ssl.c:997)>
Blender 3.3.1 (hash b292cfe5a936 built 2022-10-05 00:14:35)
/run/user/210289/gvfs/ non-existent directory

Blender quit
https://huggingface.co/datasets/allenai/objaverse/resolve/main/glbs/000-076/6381d903bfee46dfa66e285f9717d087.glb
the object name starts with http
downloading the object here
Failed to render https://huggingface.co/datasets/allenai/objaverse/resolve/main/glbs/000-076/6381d903bfee46dfa66e285f9717d087.glb
<urlopen error [SSL: CERTIFICATE_VERIFY_FAILED] certificate verify failed: unable to get local issuer certificate (_ssl.c:997)>
Blender 3.3.1 (hash b292cfe5a936 built 2022-10-05 00:14:35)
/run/user/210289/gvfs/ non-existent directory

Blender quit
https://huggingface.co/datasets/allenai/objaverse/resolve/main/glbs/000-085/77f578670b59423b98e5ad9965560b9e.glb
the object name starts with http
downloading the object here
Failed to render https://huggingface.co/datasets/allenai/objaverse/resolve/main/glbs/000-085/77f578670b59423b98e5ad9965560b9e.glb
<urlopen error [SSL: CERTIFICATE_VERIFY_FAILED] certificate verify failed: unable to get local issuer certificate (_ssl.c:997)>
Blender 3.3.1 (hash b292cfe5a936 built 2022-10-05 00:14:35)
/run/user/210289/gvfs/ non-existent directory

Blender quit
https://huggingface.co/datasets/allenai/objaverse/resolve/main/glbs/000-110/56d77628e4f8461cb47f3bceb610397e.glb
the object name starts with http
downloading the object here
Failed to render https://huggingface.co/datasets/allenai/objaverse/resolve/main/glbs/000-110/56d77628e4f8461cb47f3bceb610397e.glb
<urlopen error [SSL: CERTIFICATE_VERIFY_FAILED] certificate verify failed: unable to get local issuer certificate (_ssl.c:997)>
Blender 3.3.1 (hash b292cfe5a936 built 2022-10-05 00:14:35)
/run/user/210289/gvfs/ non-existent directory

Blender quit
https://huggingface.co/datasets/allenai/objaverse/resolve/main/glbs/000-151/32d5faef157f488fb146f46ec4a7ffab.glb
the object name starts with http
downloading the object here
Failed to render https://huggingface.co/datasets/allenai/objaverse/resolve/main/glbs/000-151/32d5faef157f488fb146f46ec4a7ffab.glb
<urlopen error [SSL: CERTIFICATE_VERIFY_FAILED] certificate verify failed: unable to get local issuer certificate (_ssl.c:997)>
Blender 3.3.1 (hash b292cfe5a936 built 2022-10-05 00:14:35)
/run/user/210289/gvfs/ non-existent directory

Blender quit
https://huggingface.co/datasets/allenai/objaverse/resolve/main/glbs/000-026/ea0cf48616e34708b73c82eb7c7366ca.glb
the object name starts with http
downloading the object here
Failed to render https://huggingface.co/datasets/allenai/objaverse/resolve/main/glbs/000-026/ea0cf48616e34708b73c82eb7c7366ca.glb
<urlopen error [SSL: CERTIFICATE_VERIFY_FAILED] certificate verify failed: unable to get local issuer certificate (_ssl.c:997)>
Blender 3.3.1 (hash b292cfe5a936 built 2022-10-05 00:14:35)
/run/user/210289/gvfs/ non-existent directory

Blender quit
https://huggingface.co/datasets/allenai/objaverse/resolve/main/glbs/000-042/ee7660359dda4c90990cb7440211b873.glb
the object name starts with http
downloading the object here
Failed to render https://huggingface.co/datasets/allenai/objaverse/resolve/main/glbs/000-042/ee7660359dda4c90990cb7440211b873.glb
<urlopen error [SSL: CERTIFICATE_VERIFY_FAILED] certificate verify failed: unable to get local issuer certificate (_ssl.c:997)>
Blender 3.3.1 (hash b292cfe5a936 built 2022-10-05 00:14:35)
/run/user/210289/gvfs/ non-existent directory

Blender quit
https://huggingface.co/datasets/allenai/objaverse/resolve/main/glbs/000-155/3e5393bd35e34531a576e22d45611060.glb
the object name starts with http
downloading the object here
Failed to render https://huggingface.co/datasets/allenai/objaverse/resolve/main/glbs/000-155/3e5393bd35e34531a576e22d45611060.glb
<urlopen error [SSL: CERTIFICATE_VERIFY_FAILED] certificate verify failed: unable to get local issuer certificate (_ssl.c:997)>
Blender 3.3.1 (hash b292cfe5a936 built 2022-10-05 00:14:35)
/run/user/210289/gvfs/ non-existent directory

Blender quit
https://huggingface.co/datasets/allenai/objaverse/resolve/main/glbs/000-051/f5bf29193be44caaad2df1db3db44871.glb
the object name starts with http
downloading the object here
Failed to render https://huggingface.co/datasets/allenai/objaverse/resolve/main/glbs/000-051/f5bf29193be44caaad2df1db3db44871.glb
<urlopen error [SSL: CERTIFICATE_VERIFY_FAILED] certificate verify failed: unable to get local issuer certificate (_ssl.c:997)>
Blender 3.3.1 (hash b292cfe5a936 built 2022-10-05 00:14:35)
/run/user/210289/gvfs/ non-existent directory

Blender quit
https://huggingface.co/datasets/allenai/objaverse/resolve/main/glbs/000-107/adde1e2669d14286843bc9f1cff9ae45.glb
the object name starts with http
downloading the object here
Failed to render https://huggingface.co/datasets/allenai/objaverse/resolve/main/glbs/000-107/adde1e2669d14286843bc9f1cff9ae45.glb
<urlopen error [SSL: CERTIFICATE_VERIFY_FAILED] certificate verify failed: unable to get local issuer certificate (_ssl.c:997)>
Blender 3.3.1 (hash b292cfe5a936 built 2022-10-05 00:14:35)
/run/user/210289/gvfs/ non-existent directory

Blender quit
https://huggingface.co/datasets/allenai/objaverse/resolve/main/glbs/000-084/f0ed46d723dd441bb592d715db241097.glb
the object name starts with http
downloading the object here
Failed to render https://huggingface.co/datasets/allenai/objaverse/resolve/main/glbs/000-084/f0ed46d723dd441bb592d715db241097.glb
<urlopen error [SSL: CERTIFICATE_VERIFY_FAILED] certificate verify failed: unable to get local issuer certificate (_ssl.c:997)>
Blender 3.3.1 (hash b292cfe5a936 built 2022-10-05 00:14:35)
/run/user/210289/gvfs/ non-existent directory

Blender quit
https://huggingface.co/datasets/allenai/objaverse/resolve/main/glbs/000-059/9d3007d40ca84bb7baec1f1a04e0f08d.glb
the object name starts with http
downloading the object here
Failed to render https://huggingface.co/datasets/allenai/objaverse/resolve/main/glbs/000-059/9d3007d40ca84bb7baec1f1a04e0f08d.glb
<urlopen error [SSL: CERTIFICATE_VERIFY_FAILED] certificate verify failed: unable to get local issuer certificate (_ssl.c:997)>
Blender 3.3.1 (hash b292cfe5a936 built 2022-10-05 00:14:35)
/run/user/210289/gvfs/ non-existent directory

Blender quit
https://huggingface.co/datasets/allenai/objaverse/resolve/main/glbs/000-096/797e7c7f61104b6785c3bd0fdb99c74d.glb
the object name starts with http
downloading the object here
Failed to render https://huggingface.co/datasets/allenai/objaverse/resolve/main/glbs/000-096/797e7c7f61104b6785c3bd0fdb99c74d.glb
<urlopen error [SSL: CERTIFICATE_VERIFY_FAILED] certificate verify failed: unable to get local issuer certificate (_ssl.c:997)>
Blender 3.3.1 (hash b292cfe5a936 built 2022-10-05 00:14:35)
/run/user/210289/gvfs/ non-existent directory

Blender quit
https://huggingface.co/datasets/allenai/objaverse/resolve/main/glbs/000-000/149d47c6c27648a6af26d6c912c03826.glb
the object name starts with http
downloading the object here
Failed to render https://huggingface.co/datasets/allenai/objaverse/resolve/main/glbs/000-000/149d47c6c27648a6af26d6c912c03826.glb
<urlopen error [SSL: CERTIFICATE_VERIFY_FAILED] certificate verify failed: unable to get local issuer certificate (_ssl.c:997)>
Blender 3.3.1 (hash b292cfe5a936 built 2022-10-05 00:14:35)
/run/user/210289/gvfs/ non-existent directory

Blender quit
https://huggingface.co/datasets/allenai/objaverse/resolve/main/glbs/000-096/8257772b0e2f408ba269264855dfea00.glb
the object name starts with http
downloading the object here
Failed to render https://huggingface.co/datasets/allenai/objaverse/resolve/main/glbs/000-096/8257772b0e2f408ba269264855dfea00.glb
<urlopen error [SSL: CERTIFICATE_VERIFY_FAILED] certificate verify failed: unable to get local issuer certificate (_ssl.c:997)>
Blender 3.3.1 (hash b292cfe5a936 built 2022-10-05 00:14:35)
/run/user/210289/gvfs/ non-existent directory

Blender quit
https://huggingface.co/datasets/allenai/objaverse/resolve/main/glbs/000-043/e7b30aa0ad754744bb5344bc86bf794a.glb
the object name starts with http
downloading the object here
Failed to render https://huggingface.co/datasets/allenai/objaverse/resolve/main/glbs/000-043/e7b30aa0ad754744bb5344bc86bf794a.glb
<urlopen error [SSL: CERTIFICATE_VERIFY_FAILED] certificate verify failed: unable to get local issuer certificate (_ssl.c:997)>
Blender 3.3.1 (hash b292cfe5a936 built 2022-10-05 00:14:35)
/run/user/210289/gvfs/ non-existent directory

Blender quit
https://huggingface.co/datasets/allenai/objaverse/resolve/main/glbs/000-062/a077fd75db084974b273675dd6c5db69.glb
the object name starts with http
downloading the object here
Failed to render https://huggingface.co/datasets/allenai/objaverse/resolve/main/glbs/000-062/a077fd75db084974b273675dd6c5db69.glb
<urlopen error [SSL: CERTIFICATE_VERIFY_FAILED] certificate verify failed: unable to get local issuer certificate (_ssl.c:997)>
Blender 3.3.1 (hash b292cfe5a936 built 2022-10-05 00:14:35)
/run/user/210289/gvfs/ non-existent directory

Blender quit
https://huggingface.co/datasets/allenai/objaverse/resolve/main/glbs/000-059/14cb3dea14864901af33816436a50b53.glb
the object name starts with http
downloading the object here
Failed to render https://huggingface.co/datasets/allenai/objaverse/resolve/main/glbs/000-059/14cb3dea14864901af33816436a50b53.glb
<urlopen error [SSL: CERTIFICATE_VERIFY_FAILED] certificate verify failed: unable to get local issuer certificate (_ssl.c:997)>
Blender 3.3.1 (hash b292cfe5a936 built 2022-10-05 00:14:35)
/run/user/210289/gvfs/ non-existent directory

Blender quit
https://huggingface.co/datasets/allenai/objaverse/resolve/main/glbs/000-025/604fd1202d9c4ef296e56dd7be91f9ca.glb
the object name starts with http
downloading the object here
Failed to render https://huggingface.co/datasets/allenai/objaverse/resolve/main/glbs/000-025/604fd1202d9c4ef296e56dd7be91f9ca.glb
<urlopen error [SSL: CERTIFICATE_VERIFY_FAILED] certificate verify failed: unable to get local issuer certificate (_ssl.c:997)>
Blender 3.3.1 (hash b292cfe5a936 built 2022-10-05 00:14:35)
/run/user/210289/gvfs/ non-existent directory

Blender quit
https://huggingface.co/datasets/allenai/objaverse/resolve/main/glbs/000-141/b8a709a4b82a4fb7b545fe178f8f46df.glb
the object name starts with http
downloading the object here
Failed to render https://huggingface.co/datasets/allenai/objaverse/resolve/main/glbs/000-141/b8a709a4b82a4fb7b545fe178f8f46df.glb
<urlopen error [SSL: CERTIFICATE_VERIFY_FAILED] certificate verify failed: unable to get local issuer certificate (_ssl.c:997)>
Blender 3.3.1 (hash b292cfe5a936 built 2022-10-05 00:14:35)
/run/user/210289/gvfs/ non-existent directory

Blender quit
https://huggingface.co/datasets/allenai/objaverse/resolve/main/glbs/000-152/8659627809a54d75ab1b81c29d9a4c56.glb
the object name starts with http
downloading the object here
Failed to render https://huggingface.co/datasets/allenai/objaverse/resolve/main/glbs/000-152/8659627809a54d75ab1b81c29d9a4c56.glb
<urlopen error [SSL: CERTIFICATE_VERIFY_FAILED] certificate verify failed: unable to get local issuer certificate (_ssl.c:997)>
Blender 3.3.1 (hash b292cfe5a936 built 2022-10-05 00:14:35)
/run/user/210289/gvfs/ non-existent directory

Blender quit
https://huggingface.co/datasets/allenai/objaverse/resolve/main/glbs/000-098/2c484a78361a432ca974589a88ccd9f1.glb
the object name starts with http
downloading the object here
Failed to render https://huggingface.co/datasets/allenai/objaverse/resolve/main/glbs/000-098/2c484a78361a432ca974589a88ccd9f1.glb
<urlopen error [SSL: CERTIFICATE_VERIFY_FAILED] certificate verify failed: unable to get local issuer certificate (_ssl.c:997)>
Blender 3.3.1 (hash b292cfe5a936 built 2022-10-05 00:14:35)
/run/user/210289/gvfs/ non-existent directory

Blender quit
https://huggingface.co/datasets/allenai/objaverse/resolve/main/glbs/000-042/10965a1ebcd64aa8b5dbafce0c7926a2.glb
the object name starts with http
downloading the object here
Failed to render https://huggingface.co/datasets/allenai/objaverse/resolve/main/glbs/000-042/10965a1ebcd64aa8b5dbafce0c7926a2.glb
<urlopen error [SSL: CERTIFICATE_VERIFY_FAILED] certificate verify failed: unable to get local issuer certificate (_ssl.c:997)>
Blender 3.3.1 (hash b292cfe5a936 built 2022-10-05 00:14:35)
/run/user/210289/gvfs/ non-existent directory

Blender quit
https://huggingface.co/datasets/allenai/objaverse/resolve/main/glbs/000-004/5247b702b0eb464fafa4fe80ea2a6f07.glb
the object name starts with http
downloading the object here
Failed to render https://huggingface.co/datasets/allenai/objaverse/resolve/main/glbs/000-004/5247b702b0eb464fafa4fe80ea2a6f07.glb
<urlopen error [SSL: CERTIFICATE_VERIFY_FAILED] certificate verify failed: unable to get local issuer certificate (_ssl.c:997)>
Blender 3.3.1 (hash b292cfe5a936 built 2022-10-05 00:14:35)
/run/user/210289/gvfs/ non-existent directory

Blender quit
https://huggingface.co/datasets/allenai/objaverse/resolve/main/glbs/000-146/bb15db3af44f49108442bd6af9954822.glb
the object name starts with http
downloading the object here
Failed to render https://huggingface.co/datasets/allenai/objaverse/resolve/main/glbs/000-146/bb15db3af44f49108442bd6af9954822.glb
<urlopen error [SSL: CERTIFICATE_VERIFY_FAILED] certificate verify failed: unable to get local issuer certificate (_ssl.c:997)>
Blender 3.3.1 (hash b292cfe5a936 built 2022-10-05 00:14:35)
/run/user/210289/gvfs/ non-existent directory

Blender quit
https://huggingface.co/datasets/allenai/objaverse/resolve/main/glbs/000-043/f90b711de42044159cd2c59902711b54.glb
the object name starts with http
downloading the object here
Failed to render https://huggingface.co/datasets/allenai/objaverse/resolve/main/glbs/000-043/f90b711de42044159cd2c59902711b54.glb
<urlopen error [SSL: CERTIFICATE_VERIFY_FAILED] certificate verify failed: unable to get local issuer certificate (_ssl.c:997)>
Blender 3.3.1 (hash b292cfe5a936 built 2022-10-05 00:14:35)
/run/user/210289/gvfs/ non-existent directory

Blender quit
https://huggingface.co/datasets/allenai/objaverse/resolve/main/glbs/000-156/b03049ca14c3490a9949796d31562736.glb
the object name starts with http
downloading the object here
Failed to render https://huggingface.co/datasets/allenai/objaverse/resolve/main/glbs/000-156/b03049ca14c3490a9949796d31562736.glb
<urlopen error [SSL: CERTIFICATE_VERIFY_FAILED] certificate verify failed: unable to get local issuer certificate (_ssl.c:997)>
Blender 3.3.1 (hash b292cfe5a936 built 2022-10-05 00:14:35)
/run/user/210289/gvfs/ non-existent directory

Blender quit
https://huggingface.co/datasets/allenai/objaverse/resolve/main/glbs/000-098/5b46a4763f88446b98b43f63549f8e8d.glb
the object name starts with http
downloading the object here
Failed to render https://huggingface.co/datasets/allenai/objaverse/resolve/main/glbs/000-098/5b46a4763f88446b98b43f63549f8e8d.glb
<urlopen error [SSL: CERTIFICATE_VERIFY_FAILED] certificate verify failed: unable to get local issuer certificate (_ssl.c:997)>
Blender 3.3.1 (hash b292cfe5a936 built 2022-10-05 00:14:35)
/run/user/210289/gvfs/ non-existent directory

Blender quit
https://huggingface.co/datasets/allenai/objaverse/resolve/main/glbs/000-157/4c6aae2ee5f04cf99c9cf417122c4b91.glb
the object name starts with http
downloading the object here
Failed to render https://huggingface.co/datasets/allenai/objaverse/resolve/main/glbs/000-157/4c6aae2ee5f04cf99c9cf417122c4b91.glb
<urlopen error [SSL: CERTIFICATE_VERIFY_FAILED] certificate verify failed: unable to get local issuer certificate (_ssl.c:997)>
Blender 3.3.1 (hash b292cfe5a936 built 2022-10-05 00:14:35)
/run/user/210289/gvfs/ non-existent directory

Blender quit
https://huggingface.co/datasets/allenai/objaverse/resolve/main/glbs/000-098/2da0cd17ef9f46359d29776202c283db.glb
the object name starts with http
downloading the object here
Failed to render https://huggingface.co/datasets/allenai/objaverse/resolve/main/glbs/000-098/2da0cd17ef9f46359d29776202c283db.glb
<urlopen error [SSL: CERTIFICATE_VERIFY_FAILED] certificate verify failed: unable to get local issuer certificate (_ssl.c:997)>
Blender 3.3.1 (hash b292cfe5a936 built 2022-10-05 00:14:35)
/run/user/210289/gvfs/ non-existent directory

Blender quit
https://huggingface.co/datasets/allenai/objaverse/resolve/main/glbs/000-047/76d1eb497c5241bca27a96fb0083e40e.glb
the object name starts with http
downloading the object here
Failed to render https://huggingface.co/datasets/allenai/objaverse/resolve/main/glbs/000-047/76d1eb497c5241bca27a96fb0083e40e.glb
<urlopen error [SSL: CERTIFICATE_VERIFY_FAILED] certificate verify failed: unable to get local issuer certificate (_ssl.c:997)>
Blender 3.3.1 (hash b292cfe5a936 built 2022-10-05 00:14:35)
/run/user/210289/gvfs/ non-existent directory

Blender quit
https://huggingface.co/datasets/allenai/objaverse/resolve/main/glbs/000-092/9a5f0ba304d04497b6382da6377d8262.glb
the object name starts with http
downloading the object here
Failed to render https://huggingface.co/datasets/allenai/objaverse/resolve/main/glbs/000-092/9a5f0ba304d04497b6382da6377d8262.glb
<urlopen error [SSL: CERTIFICATE_VERIFY_FAILED] certificate verify failed: unable to get local issuer certificate (_ssl.c:997)>
Blender 3.3.1 (hash b292cfe5a936 built 2022-10-05 00:14:35)
/run/user/210289/gvfs/ non-existent directory

Blender quit
https://huggingface.co/datasets/allenai/objaverse/resolve/main/glbs/000-036/091e139f26554be4844712ab50f8ad2a.glb
the object name starts with http
downloading the object here
Failed to render https://huggingface.co/datasets/allenai/objaverse/resolve/main/glbs/000-036/091e139f26554be4844712ab50f8ad2a.glb
<urlopen error [SSL: CERTIFICATE_VERIFY_FAILED] certificate verify failed: unable to get local issuer certificate (_ssl.c:997)>
Blender 3.3.1 (hash b292cfe5a936 built 2022-10-05 00:14:35)
/run/user/210289/gvfs/ non-existent directory

Blender quit
https://huggingface.co/datasets/allenai/objaverse/resolve/main/glbs/000-159/ee91cf6dcab740efb0b04449a6b5b20e.glb
the object name starts with http
downloading the object here
Failed to render https://huggingface.co/datasets/allenai/objaverse/resolve/main/glbs/000-159/ee91cf6dcab740efb0b04449a6b5b20e.glb
<urlopen error [SSL: CERTIFICATE_VERIFY_FAILED] certificate verify failed: unable to get local issuer certificate (_ssl.c:997)>
Blender 3.3.1 (hash b292cfe5a936 built 2022-10-05 00:14:35)
/run/user/210289/gvfs/ non-existent directory

Blender quit
https://huggingface.co/datasets/allenai/objaverse/resolve/main/glbs/000-058/c847a6d2912643cd96e1ada74beea902.glb
the object name starts with http
downloading the object here
Failed to render https://huggingface.co/datasets/allenai/objaverse/resolve/main/glbs/000-058/c847a6d2912643cd96e1ada74beea902.glb
<urlopen error [SSL: CERTIFICATE_VERIFY_FAILED] certificate verify failed: unable to get local issuer certificate (_ssl.c:997)>
Blender 3.3.1 (hash b292cfe5a936 built 2022-10-05 00:14:35)
/run/user/210289/gvfs/ non-existent directory

Blender quit
https://huggingface.co/datasets/allenai/objaverse/resolve/main/glbs/000-125/b4af2a721b1645ddb77168d5e8fe4882.glb
the object name starts with http
downloading the object here
Failed to render https://huggingface.co/datasets/allenai/objaverse/resolve/main/glbs/000-125/b4af2a721b1645ddb77168d5e8fe4882.glb
<urlopen error [SSL: CERTIFICATE_VERIFY_FAILED] certificate verify failed: unable to get local issuer certificate (_ssl.c:997)>
Blender 3.3.1 (hash b292cfe5a936 built 2022-10-05 00:14:35)
/run/user/210289/gvfs/ non-existent directory

Blender quit
https://huggingface.co/datasets/allenai/objaverse/resolve/main/glbs/000-049/830b1864b50e4f7e94c7f5cee5b64b43.glb
the object name starts with http
downloading the object here
Failed to render https://huggingface.co/datasets/allenai/objaverse/resolve/main/glbs/000-049/830b1864b50e4f7e94c7f5cee5b64b43.glb
<urlopen error [SSL: CERTIFICATE_VERIFY_FAILED] certificate verify failed: unable to get local issuer certificate (_ssl.c:997)>
Blender 3.3.1 (hash b292cfe5a936 built 2022-10-05 00:14:35)
/run/user/210289/gvfs/ non-existent directory

Blender quit
https://huggingface.co/datasets/allenai/objaverse/resolve/main/glbs/000-077/639a89472cfa4794b848175bbf652136.glb
the object name starts with http
downloading the object here
Failed to render https://huggingface.co/datasets/allenai/objaverse/resolve/main/glbs/000-077/639a89472cfa4794b848175bbf652136.glb
<urlopen error [SSL: CERTIFICATE_VERIFY_FAILED] certificate verify failed: unable to get local issuer certificate (_ssl.c:997)>
Blender 3.3.1 (hash b292cfe5a936 built 2022-10-05 00:14:35)
/run/user/210289/gvfs/ non-existent directory

Blender quit
https://huggingface.co/datasets/allenai/objaverse/resolve/main/glbs/000-000/00a66884dacb498b85701acd1cc77c5e.glb
the object name starts with http
downloading the object here
Failed to render https://huggingface.co/datasets/allenai/objaverse/resolve/main/glbs/000-000/00a66884dacb498b85701acd1cc77c5e.glb
<urlopen error [SSL: CERTIFICATE_VERIFY_FAILED] certificate verify failed: unable to get local issuer certificate (_ssl.c:997)>
Blender 3.3.1 (hash b292cfe5a936 built 2022-10-05 00:14:35)
/run/user/210289/gvfs/ non-existent directory

Blender quit
https://huggingface.co/datasets/allenai/objaverse/resolve/main/glbs/000-139/dbf0dbcf4229429088b0a984e8f05666.glb
the object name starts with http
downloading the object here
Failed to render https://huggingface.co/datasets/allenai/objaverse/resolve/main/glbs/000-139/dbf0dbcf4229429088b0a984e8f05666.glb
<urlopen error [SSL: CERTIFICATE_VERIFY_FAILED] certificate verify failed: unable to get local issuer certificate (_ssl.c:997)>
Blender 3.3.1 (hash b292cfe5a936 built 2022-10-05 00:14:35)
/run/user/210289/gvfs/ non-existent directory

Blender quit
https://huggingface.co/datasets/allenai/objaverse/resolve/main/glbs/000-042/6914d1e81eeb4377b61af0e5321ede5b.glb
the object name starts with http
downloading the object here
Failed to render https://huggingface.co/datasets/allenai/objaverse/resolve/main/glbs/000-042/6914d1e81eeb4377b61af0e5321ede5b.glb
<urlopen error [SSL: CERTIFICATE_VERIFY_FAILED] certificate verify failed: unable to get local issuer certificate (_ssl.c:997)>
Blender 3.3.1 (hash b292cfe5a936 built 2022-10-05 00:14:35)
/run/user/210289/gvfs/ non-existent directory

Blender quit
https://huggingface.co/datasets/allenai/objaverse/resolve/main/glbs/000-084/73e76edb90914783b0fd732ea53b2e46.glb
the object name starts with http
downloading the object here
Failed to render https://huggingface.co/datasets/allenai/objaverse/resolve/main/glbs/000-084/73e76edb90914783b0fd732ea53b2e46.glb
<urlopen error [SSL: CERTIFICATE_VERIFY_FAILED] certificate verify failed: unable to get local issuer certificate (_ssl.c:997)>
Blender 3.3.1 (hash b292cfe5a936 built 2022-10-05 00:14:35)
/run/user/210289/gvfs/ non-existent directory

Blender quit
https://huggingface.co/datasets/allenai/objaverse/resolve/main/glbs/000-003/9749f5ba1221476993376a3cb8fee1a5.glb
the object name starts with http
downloading the object here
Failed to render https://huggingface.co/datasets/allenai/objaverse/resolve/main/glbs/000-003/9749f5ba1221476993376a3cb8fee1a5.glb
<urlopen error [SSL: CERTIFICATE_VERIFY_FAILED] certificate verify failed: unable to get local issuer certificate (_ssl.c:997)>
Blender 3.3.1 (hash b292cfe5a936 built 2022-10-05 00:14:35)
/run/user/210289/gvfs/ non-existent directory

Blender quit
https://huggingface.co/datasets/allenai/objaverse/resolve/main/glbs/000-075/f6c8386e76e54918b551ebdd276479dd.glb
the object name starts with http
downloading the object here
Failed to render https://huggingface.co/datasets/allenai/objaverse/resolve/main/glbs/000-075/f6c8386e76e54918b551ebdd276479dd.glb
<urlopen error [SSL: CERTIFICATE_VERIFY_FAILED] certificate verify failed: unable to get local issuer certificate (_ssl.c:997)>
Blender 3.3.1 (hash b292cfe5a936 built 2022-10-05 00:14:35)
/run/user/210289/gvfs/ non-existent directory

Blender quit
https://huggingface.co/datasets/allenai/objaverse/resolve/main/glbs/000-068/a4bc4accb20b43ffa728a7a85b7dfed7.glb
the object name starts with http
downloading the object here
Failed to render https://huggingface.co/datasets/allenai/objaverse/resolve/main/glbs/000-068/a4bc4accb20b43ffa728a7a85b7dfed7.glb
<urlopen error [SSL: CERTIFICATE_VERIFY_FAILED] certificate verify failed: unable to get local issuer certificate (_ssl.c:997)>
Blender 3.3.1 (hash b292cfe5a936 built 2022-10-05 00:14:35)
/run/user/210289/gvfs/ non-existent directory

Blender quit
https://huggingface.co/datasets/allenai/objaverse/resolve/main/glbs/000-078/1712bababe864915ab50157fca338db2.glb
the object name starts with http
downloading the object here
Failed to render https://huggingface.co/datasets/allenai/objaverse/resolve/main/glbs/000-078/1712bababe864915ab50157fca338db2.glb
<urlopen error [SSL: CERTIFICATE_VERIFY_FAILED] certificate verify failed: unable to get local issuer certificate (_ssl.c:997)>
Blender 3.3.1 (hash b292cfe5a936 built 2022-10-05 00:14:35)
/run/user/210289/gvfs/ non-existent directory

Blender quit
https://huggingface.co/datasets/allenai/objaverse/resolve/main/glbs/000-147/9dbad8f4c1ce472698595bd873067b48.glb
the object name starts with http
downloading the object here
Failed to render https://huggingface.co/datasets/allenai/objaverse/resolve/main/glbs/000-147/9dbad8f4c1ce472698595bd873067b48.glb
<urlopen error [SSL: CERTIFICATE_VERIFY_FAILED] certificate verify failed: unable to get local issuer certificate (_ssl.c:997)>
Blender 3.3.1 (hash b292cfe5a936 built 2022-10-05 00:14:35)
/run/user/210289/gvfs/ non-existent directory

Blender quit
https://huggingface.co/datasets/allenai/objaverse/resolve/main/glbs/000-090/aa66b7d99fac45cb8790d22ecc124392.glb
the object name starts with http
downloading the object here
Failed to render https://huggingface.co/datasets/allenai/objaverse/resolve/main/glbs/000-090/aa66b7d99fac45cb8790d22ecc124392.glb
<urlopen error [SSL: CERTIFICATE_VERIFY_FAILED] certificate verify failed: unable to get local issuer certificate (_ssl.c:997)>
Blender 3.3.1 (hash b292cfe5a936 built 2022-10-05 00:14:35)
/run/user/210289/gvfs/ non-existent directory

Blender quit
https://huggingface.co/datasets/allenai/objaverse/resolve/main/glbs/000-137/ee4d79c5f2b7404aa65ce90443a12f2a.glb
the object name starts with http
downloading the object here
Failed to render https://huggingface.co/datasets/allenai/objaverse/resolve/main/glbs/000-137/ee4d79c5f2b7404aa65ce90443a12f2a.glb
<urlopen error [SSL: CERTIFICATE_VERIFY_FAILED] certificate verify failed: unable to get local issuer certificate (_ssl.c:997)>
Blender 3.3.1 (hash b292cfe5a936 built 2022-10-05 00:14:35)
/run/user/210289/gvfs/ non-existent directory

Blender quit
https://huggingface.co/datasets/allenai/objaverse/resolve/main/glbs/000-007/3a00f75b74ed4202b2b1551add2aa620.glb
the object name starts with http
downloading the object here
Failed to render https://huggingface.co/datasets/allenai/objaverse/resolve/main/glbs/000-007/3a00f75b74ed4202b2b1551add2aa620.glb
<urlopen error [SSL: CERTIFICATE_VERIFY_FAILED] certificate verify failed: unable to get local issuer certificate (_ssl.c:997)>
Blender 3.3.1 (hash b292cfe5a936 built 2022-10-05 00:14:35)
/run/user/210289/gvfs/ non-existent directory

Blender quit
https://huggingface.co/datasets/allenai/objaverse/resolve/main/glbs/000-124/4d700de3fdf84cd5a6e715fdd32fcf35.glb
the object name starts with http
downloading the object here
Failed to render https://huggingface.co/datasets/allenai/objaverse/resolve/main/glbs/000-124/4d700de3fdf84cd5a6e715fdd32fcf35.glb
<urlopen error [SSL: CERTIFICATE_VERIFY_FAILED] certificate verify failed: unable to get local issuer certificate (_ssl.c:997)>
Blender 3.3.1 (hash b292cfe5a936 built 2022-10-05 00:14:35)
/run/user/210289/gvfs/ non-existent directory

Blender quit
https://huggingface.co/datasets/allenai/objaverse/resolve/main/glbs/000-136/8e1627c5b589420c9bbed0e0cfef1502.glb
the object name starts with http
downloading the object here
Failed to render https://huggingface.co/datasets/allenai/objaverse/resolve/main/glbs/000-136/8e1627c5b589420c9bbed0e0cfef1502.glb
<urlopen error [SSL: CERTIFICATE_VERIFY_FAILED] certificate verify failed: unable to get local issuer certificate (_ssl.c:997)>
Blender 3.3.1 (hash b292cfe5a936 built 2022-10-05 00:14:35)
/run/user/210289/gvfs/ non-existent directory

Blender quit
https://huggingface.co/datasets/allenai/objaverse/resolve/main/glbs/000-081/e283aa7835664a74a4ad39afb26d2ef3.glb
the object name starts with http
downloading the object here
Failed to render https://huggingface.co/datasets/allenai/objaverse/resolve/main/glbs/000-081/e283aa7835664a74a4ad39afb26d2ef3.glb
<urlopen error [SSL: CERTIFICATE_VERIFY_FAILED] certificate verify failed: unable to get local issuer certificate (_ssl.c:997)>
Blender 3.3.1 (hash b292cfe5a936 built 2022-10-05 00:14:35)
/run/user/210289/gvfs/ non-existent directory

Blender quit
https://huggingface.co/datasets/allenai/objaverse/resolve/main/glbs/000-149/ae0c3996ee0345aaa8bbb717db7ffb25.glb
the object name starts with http
downloading the object here
Failed to render https://huggingface.co/datasets/allenai/objaverse/resolve/main/glbs/000-149/ae0c3996ee0345aaa8bbb717db7ffb25.glb
<urlopen error [SSL: CERTIFICATE_VERIFY_FAILED] certificate verify failed: unable to get local issuer certificate (_ssl.c:997)>
Blender 3.3.1 (hash b292cfe5a936 built 2022-10-05 00:14:35)
/run/user/210289/gvfs/ non-existent directory

Blender quit
https://huggingface.co/datasets/allenai/objaverse/resolve/main/glbs/000-157/fe2b4a2708334ff880f62a947cfd3d50.glb
the object name starts with http
downloading the object here
Failed to render https://huggingface.co/datasets/allenai/objaverse/resolve/main/glbs/000-157/fe2b4a2708334ff880f62a947cfd3d50.glb
<urlopen error [SSL: CERTIFICATE_VERIFY_FAILED] certificate verify failed: unable to get local issuer certificate (_ssl.c:997)>
Blender 3.3.1 (hash b292cfe5a936 built 2022-10-05 00:14:35)
/run/user/210289/gvfs/ non-existent directory

Blender quit
https://huggingface.co/datasets/allenai/objaverse/resolve/main/glbs/000-152/2da008c410be42d188a0c95aa1bca05e.glb
the object name starts with http
downloading the object here
Failed to render https://huggingface.co/datasets/allenai/objaverse/resolve/main/glbs/000-152/2da008c410be42d188a0c95aa1bca05e.glb
<urlopen error [SSL: CERTIFICATE_VERIFY_FAILED] certificate verify failed: unable to get local issuer certificate (_ssl.c:997)>
Blender 3.3.1 (hash b292cfe5a936 built 2022-10-05 00:14:35)
/run/user/210289/gvfs/ non-existent directory

Blender quit
https://huggingface.co/datasets/allenai/objaverse/resolve/main/glbs/000-009/16fbadc669454c26aa0927445b3c6ffd.glb
the object name starts with http
downloading the object here
Failed to render https://huggingface.co/datasets/allenai/objaverse/resolve/main/glbs/000-009/16fbadc669454c26aa0927445b3c6ffd.glb
<urlopen error [SSL: CERTIFICATE_VERIFY_FAILED] certificate verify failed: unable to get local issuer certificate (_ssl.c:997)>
Blender 3.3.1 (hash b292cfe5a936 built 2022-10-05 00:14:35)
/run/user/210289/gvfs/ non-existent directory

Blender quit
https://huggingface.co/datasets/allenai/objaverse/resolve/main/glbs/000-137/0b1b92d6d5584284b59aaab57b1009a1.glb
the object name starts with http
downloading the object here
Failed to render https://huggingface.co/datasets/allenai/objaverse/resolve/main/glbs/000-137/0b1b92d6d5584284b59aaab57b1009a1.glb
<urlopen error [SSL: CERTIFICATE_VERIFY_FAILED] certificate verify failed: unable to get local issuer certificate (_ssl.c:997)>
Blender 3.3.1 (hash b292cfe5a936 built 2022-10-05 00:14:35)
/run/user/210289/gvfs/ non-existent directory

Blender quit
https://huggingface.co/datasets/allenai/objaverse/resolve/main/glbs/000-064/fe8eef087d6646fabb24833ea6af5550.glb
the object name starts with http
downloading the object here
Failed to render https://huggingface.co/datasets/allenai/objaverse/resolve/main/glbs/000-064/fe8eef087d6646fabb24833ea6af5550.glb
<urlopen error [SSL: CERTIFICATE_VERIFY_FAILED] certificate verify failed: unable to get local issuer certificate (_ssl.c:997)>
Blender 3.3.1 (hash b292cfe5a936 built 2022-10-05 00:14:35)
/run/user/210289/gvfs/ non-existent directory

Blender quit
https://huggingface.co/datasets/allenai/objaverse/resolve/main/glbs/000-151/3c11fef580924d0a831e42db6e217579.glb
the object name starts with http
downloading the object here
Failed to render https://huggingface.co/datasets/allenai/objaverse/resolve/main/glbs/000-151/3c11fef580924d0a831e42db6e217579.glb
<urlopen error [SSL: CERTIFICATE_VERIFY_FAILED] certificate verify failed: unable to get local issuer certificate (_ssl.c:997)>
Blender 3.3.1 (hash b292cfe5a936 built 2022-10-05 00:14:35)
/run/user/210289/gvfs/ non-existent directory

Blender quit
https://huggingface.co/datasets/allenai/objaverse/resolve/main/glbs/000-034/b2a917737eab4866a8fda30fded72d1c.glb
the object name starts with http
downloading the object here
Failed to render https://huggingface.co/datasets/allenai/objaverse/resolve/main/glbs/000-034/b2a917737eab4866a8fda30fded72d1c.glb
<urlopen error [SSL: CERTIFICATE_VERIFY_FAILED] certificate verify failed: unable to get local issuer certificate (_ssl.c:997)>
Blender 3.3.1 (hash b292cfe5a936 built 2022-10-05 00:14:35)
/run/user/210289/gvfs/ non-existent directory

Blender quit
https://huggingface.co/datasets/allenai/objaverse/resolve/main/glbs/000-092/281891d0dd6a4affbda7530bed83f846.glb
the object name starts with http
downloading the object here
Failed to render https://huggingface.co/datasets/allenai/objaverse/resolve/main/glbs/000-092/281891d0dd6a4affbda7530bed83f846.glb
<urlopen error [SSL: CERTIFICATE_VERIFY_FAILED] certificate verify failed: unable to get local issuer certificate (_ssl.c:997)>
Blender 3.3.1 (hash b292cfe5a936 built 2022-10-05 00:14:35)
/run/user/210289/gvfs/ non-existent directory

Blender quit
https://huggingface.co/datasets/allenai/objaverse/resolve/main/glbs/000-071/2826823d900347bd97b17708ee04c3ff.glb
the object name starts with http
downloading the object here
Failed to render https://huggingface.co/datasets/allenai/objaverse/resolve/main/glbs/000-071/2826823d900347bd97b17708ee04c3ff.glb
<urlopen error [SSL: CERTIFICATE_VERIFY_FAILED] certificate verify failed: unable to get local issuer certificate (_ssl.c:997)>
Blender 3.3.1 (hash b292cfe5a936 built 2022-10-05 00:14:35)
/run/user/210289/gvfs/ non-existent directory

Blender quit
https://huggingface.co/datasets/allenai/objaverse/resolve/main/glbs/000-154/da2c426b7ec247d5aee0ab51a83f8e14.glb
the object name starts with http
downloading the object here
Failed to render https://huggingface.co/datasets/allenai/objaverse/resolve/main/glbs/000-154/da2c426b7ec247d5aee0ab51a83f8e14.glb
<urlopen error [SSL: CERTIFICATE_VERIFY_FAILED] certificate verify failed: unable to get local issuer certificate (_ssl.c:997)>
Blender 3.3.1 (hash b292cfe5a936 built 2022-10-05 00:14:35)
/run/user/210289/gvfs/ non-existent directory

Blender quit
https://huggingface.co/datasets/allenai/objaverse/resolve/main/glbs/000-103/3ca3558e2b594758ab50c8fff8ea0b12.glb
the object name starts with http
downloading the object here
Failed to render https://huggingface.co/datasets/allenai/objaverse/resolve/main/glbs/000-103/3ca3558e2b594758ab50c8fff8ea0b12.glb
<urlopen error [SSL: CERTIFICATE_VERIFY_FAILED] certificate verify failed: unable to get local issuer certificate (_ssl.c:997)>
Blender 3.3.1 (hash b292cfe5a936 built 2022-10-05 00:14:35)
/run/user/210289/gvfs/ non-existent directory

Blender quit
https://huggingface.co/datasets/allenai/objaverse/resolve/main/glbs/000-028/feb96b6b2b534c58bbdf9e081f2f4e46.glb
the object name starts with http
downloading the object here
Failed to render https://huggingface.co/datasets/allenai/objaverse/resolve/main/glbs/000-028/feb96b6b2b534c58bbdf9e081f2f4e46.glb
<urlopen error [SSL: CERTIFICATE_VERIFY_FAILED] certificate verify failed: unable to get local issuer certificate (_ssl.c:997)>
Blender 3.3.1 (hash b292cfe5a936 built 2022-10-05 00:14:35)
/run/user/210289/gvfs/ non-existent directory

Blender quit
https://huggingface.co/datasets/allenai/objaverse/resolve/main/glbs/000-068/3b38afc564c44f52afaca0acb9949c35.glb
the object name starts with http
downloading the object here
Failed to render https://huggingface.co/datasets/allenai/objaverse/resolve/main/glbs/000-068/3b38afc564c44f52afaca0acb9949c35.glb
<urlopen error [SSL: CERTIFICATE_VERIFY_FAILED] certificate verify failed: unable to get local issuer certificate (_ssl.c:997)>
Blender 3.3.1 (hash b292cfe5a936 built 2022-10-05 00:14:35)
/run/user/210289/gvfs/ non-existent directory

Blender quit
https://huggingface.co/datasets/allenai/objaverse/resolve/main/glbs/000-087/8f4af0f494fb4a01924d53ee7c34fa35.glb
the object name starts with http
downloading the object here
Failed to render https://huggingface.co/datasets/allenai/objaverse/resolve/main/glbs/000-087/8f4af0f494fb4a01924d53ee7c34fa35.glb
<urlopen error [SSL: CERTIFICATE_VERIFY_FAILED] certificate verify failed: unable to get local issuer certificate (_ssl.c:997)>
Blender 3.3.1 (hash b292cfe5a936 built 2022-10-05 00:14:35)
/run/user/210289/gvfs/ non-existent directory

Blender quit
https://huggingface.co/datasets/allenai/objaverse/resolve/main/glbs/000-103/637cfe8730f44325a34cb8f34de5ced2.glb
the object name starts with http
downloading the object here
Failed to render https://huggingface.co/datasets/allenai/objaverse/resolve/main/glbs/000-103/637cfe8730f44325a34cb8f34de5ced2.glb
<urlopen error [SSL: CERTIFICATE_VERIFY_FAILED] certificate verify failed: unable to get local issuer certificate (_ssl.c:997)>
Blender 3.3.1 (hash b292cfe5a936 built 2022-10-05 00:14:35)
/run/user/210289/gvfs/ non-existent directory

Blender quit
https://huggingface.co/datasets/allenai/objaverse/resolve/main/glbs/000-121/c6c2b4cc101c4ccda903bfe33f0639fc.glb
the object name starts with http
downloading the object here
Failed to render https://huggingface.co/datasets/allenai/objaverse/resolve/main/glbs/000-121/c6c2b4cc101c4ccda903bfe33f0639fc.glb
<urlopen error [SSL: CERTIFICATE_VERIFY_FAILED] certificate verify failed: unable to get local issuer certificate (_ssl.c:997)>
Blender 3.3.1 (hash b292cfe5a936 built 2022-10-05 00:14:35)
/run/user/210289/gvfs/ non-existent directory

Blender quit
https://huggingface.co/datasets/allenai/objaverse/resolve/main/glbs/000-054/64a0364ffb424438b26ac3c846ed2186.glb
the object name starts with http
downloading the object here
Failed to render https://huggingface.co/datasets/allenai/objaverse/resolve/main/glbs/000-054/64a0364ffb424438b26ac3c846ed2186.glb
<urlopen error [SSL: CERTIFICATE_VERIFY_FAILED] certificate verify failed: unable to get local issuer certificate (_ssl.c:997)>
Blender 3.3.1 (hash b292cfe5a936 built 2022-10-05 00:14:35)
/run/user/210289/gvfs/ non-existent directory

Blender quit
https://huggingface.co/datasets/allenai/objaverse/resolve/main/glbs/000-042/3229c85a80374129995bc89f9ccb4546.glb
the object name starts with http
downloading the object here
Failed to render https://huggingface.co/datasets/allenai/objaverse/resolve/main/glbs/000-042/3229c85a80374129995bc89f9ccb4546.glb
<urlopen error [SSL: CERTIFICATE_VERIFY_FAILED] certificate verify failed: unable to get local issuer certificate (_ssl.c:997)>
Blender 3.3.1 (hash b292cfe5a936 built 2022-10-05 00:14:35)
/run/user/210289/gvfs/ non-existent directory

Blender quit
https://huggingface.co/datasets/allenai/objaverse/resolve/main/glbs/000-036/c1222de31eb6474abbdb6b636f8225a4.glb
the object name starts with http
downloading the object here
Failed to render https://huggingface.co/datasets/allenai/objaverse/resolve/main/glbs/000-036/c1222de31eb6474abbdb6b636f8225a4.glb
<urlopen error [SSL: CERTIFICATE_VERIFY_FAILED] certificate verify failed: unable to get local issuer certificate (_ssl.c:997)>
Blender 3.3.1 (hash b292cfe5a936 built 2022-10-05 00:14:35)
/run/user/210289/gvfs/ non-existent directory

Blender quit
https://huggingface.co/datasets/allenai/objaverse/resolve/main/glbs/000-108/b6be1f59174d4a10825270fd805f21ba.glb
the object name starts with http
downloading the object here
Failed to render https://huggingface.co/datasets/allenai/objaverse/resolve/main/glbs/000-108/b6be1f59174d4a10825270fd805f21ba.glb
<urlopen error [SSL: CERTIFICATE_VERIFY_FAILED] certificate verify failed: unable to get local issuer certificate (_ssl.c:997)>
Blender 3.3.1 (hash b292cfe5a936 built 2022-10-05 00:14:35)
/run/user/210289/gvfs/ non-existent directory

Blender quit
https://huggingface.co/datasets/allenai/objaverse/resolve/main/glbs/000-093/3d0f9198c9e64d77896bb0cd4a2bd87c.glb
the object name starts with http
downloading the object here
Failed to render https://huggingface.co/datasets/allenai/objaverse/resolve/main/glbs/000-093/3d0f9198c9e64d77896bb0cd4a2bd87c.glb
<urlopen error [SSL: CERTIFICATE_VERIFY_FAILED] certificate verify failed: unable to get local issuer certificate (_ssl.c:997)>
Blender 3.3.1 (hash b292cfe5a936 built 2022-10-05 00:14:35)
/run/user/210289/gvfs/ non-existent directory

Blender quit
https://huggingface.co/datasets/allenai/objaverse/resolve/main/glbs/000-091/48e999874aa94429b31412c9d8f8e6b7.glb
the object name starts with http
downloading the object here
Failed to render https://huggingface.co/datasets/allenai/objaverse/resolve/main/glbs/000-091/48e999874aa94429b31412c9d8f8e6b7.glb
<urlopen error [SSL: CERTIFICATE_VERIFY_FAILED] certificate verify failed: unable to get local issuer certificate (_ssl.c:997)>
Blender 3.3.1 (hash b292cfe5a936 built 2022-10-05 00:14:35)
/run/user/210289/gvfs/ non-existent directory

Blender quit
https://huggingface.co/datasets/allenai/objaverse/resolve/main/glbs/000-037/8c6c7a556b37410b94fd72dcb016326b.glb
the object name starts with http
downloading the object here
Failed to render https://huggingface.co/datasets/allenai/objaverse/resolve/main/glbs/000-037/8c6c7a556b37410b94fd72dcb016326b.glb
<urlopen error [SSL: CERTIFICATE_VERIFY_FAILED] certificate verify failed: unable to get local issuer certificate (_ssl.c:997)>
Blender 3.3.1 (hash b292cfe5a936 built 2022-10-05 00:14:35)
/run/user/210289/gvfs/ non-existent directory

Blender quit
https://huggingface.co/datasets/allenai/objaverse/resolve/main/glbs/000-071/ce9e4f6890444e69bbe3e87c2dde4b81.glb
the object name starts with http
downloading the object here
Failed to render https://huggingface.co/datasets/allenai/objaverse/resolve/main/glbs/000-071/ce9e4f6890444e69bbe3e87c2dde4b81.glb
<urlopen error [SSL: CERTIFICATE_VERIFY_FAILED] certificate verify failed: unable to get local issuer certificate (_ssl.c:997)>
Blender 3.3.1 (hash b292cfe5a936 built 2022-10-05 00:14:35)
/run/user/210289/gvfs/ non-existent directory

Blender quit
https://huggingface.co/datasets/allenai/objaverse/resolve/main/glbs/000-109/32fe939ce1544fa28a33bdfcf904a1ee.glb
the object name starts with http
downloading the object here
Failed to render https://huggingface.co/datasets/allenai/objaverse/resolve/main/glbs/000-109/32fe939ce1544fa28a33bdfcf904a1ee.glb
<urlopen error [SSL: CERTIFICATE_VERIFY_FAILED] certificate verify failed: unable to get local issuer certificate (_ssl.c:997)>
Blender 3.3.1 (hash b292cfe5a936 built 2022-10-05 00:14:35)
/run/user/210289/gvfs/ non-existent directory

Blender quit
https://huggingface.co/datasets/allenai/objaverse/resolve/main/glbs/000-087/a2c7c8916c234d2aaca58423fef01c5b.glb
the object name starts with http
downloading the object here
Failed to render https://huggingface.co/datasets/allenai/objaverse/resolve/main/glbs/000-087/a2c7c8916c234d2aaca58423fef01c5b.glb
<urlopen error [SSL: CERTIFICATE_VERIFY_FAILED] certificate verify failed: unable to get local issuer certificate (_ssl.c:997)>
Blender 3.3.1 (hash b292cfe5a936 built 2022-10-05 00:14:35)
/run/user/210289/gvfs/ non-existent directory

Blender quit
https://huggingface.co/datasets/allenai/objaverse/resolve/main/glbs/000-142/9a95e95e16954914bb861af398af242e.glb
the object name starts with http
downloading the object here
Failed to render https://huggingface.co/datasets/allenai/objaverse/resolve/main/glbs/000-142/9a95e95e16954914bb861af398af242e.glb
<urlopen error [SSL: CERTIFICATE_VERIFY_FAILED] certificate verify failed: unable to get local issuer certificate (_ssl.c:997)>
Blender 3.3.1 (hash b292cfe5a936 built 2022-10-05 00:14:35)
/run/user/210289/gvfs/ non-existent directory

Blender quit
https://huggingface.co/datasets/allenai/objaverse/resolve/main/glbs/000-032/effe471c624f49cda0f1593966d1f073.glb
the object name starts with http
downloading the object here
Failed to render https://huggingface.co/datasets/allenai/objaverse/resolve/main/glbs/000-032/effe471c624f49cda0f1593966d1f073.glb
<urlopen error [SSL: CERTIFICATE_VERIFY_FAILED] certificate verify failed: unable to get local issuer certificate (_ssl.c:997)>
Blender 3.3.1 (hash b292cfe5a936 built 2022-10-05 00:14:35)
/run/user/210289/gvfs/ non-existent directory

Blender quit
https://huggingface.co/datasets/allenai/objaverse/resolve/main/glbs/000-099/86d85d8b18bb4d668332553996ce2480.glb
the object name starts with http
downloading the object here
Failed to render https://huggingface.co/datasets/allenai/objaverse/resolve/main/glbs/000-099/86d85d8b18bb4d668332553996ce2480.glb
<urlopen error [SSL: CERTIFICATE_VERIFY_FAILED] certificate verify failed: unable to get local issuer certificate (_ssl.c:997)>
Blender 3.3.1 (hash b292cfe5a936 built 2022-10-05 00:14:35)
/run/user/210289/gvfs/ non-existent directory

Blender quit
https://huggingface.co/datasets/allenai/objaverse/resolve/main/glbs/000-105/2a6b7311899a478bba3cfb687762942b.glb
the object name starts with http
downloading the object here
Failed to render https://huggingface.co/datasets/allenai/objaverse/resolve/main/glbs/000-105/2a6b7311899a478bba3cfb687762942b.glb
<urlopen error [SSL: CERTIFICATE_VERIFY_FAILED] certificate verify failed: unable to get local issuer certificate (_ssl.c:997)>
Blender 3.3.1 (hash b292cfe5a936 built 2022-10-05 00:14:35)
/run/user/210289/gvfs/ non-existent directory

Blender quit
https://huggingface.co/datasets/allenai/objaverse/resolve/main/glbs/000-012/abe28d3df0ba41a08375fddf471b7172.glb
the object name starts with http
downloading the object here
Failed to render https://huggingface.co/datasets/allenai/objaverse/resolve/main/glbs/000-012/abe28d3df0ba41a08375fddf471b7172.glb
<urlopen error [SSL: CERTIFICATE_VERIFY_FAILED] certificate verify failed: unable to get local issuer certificate (_ssl.c:997)>
Blender 3.3.1 (hash b292cfe5a936 built 2022-10-05 00:14:35)
/run/user/210289/gvfs/ non-existent directory

Blender quit
https://huggingface.co/datasets/allenai/objaverse/resolve/main/glbs/000-105/68cce42515f04a289071c2474f2b1652.glb
the object name starts with http
downloading the object here
Failed to render https://huggingface.co/datasets/allenai/objaverse/resolve/main/glbs/000-105/68cce42515f04a289071c2474f2b1652.glb
<urlopen error [SSL: CERTIFICATE_VERIFY_FAILED] certificate verify failed: unable to get local issuer certificate (_ssl.c:997)>
Blender 3.3.1 (hash b292cfe5a936 built 2022-10-05 00:14:35)
/run/user/210289/gvfs/ non-existent directory

Blender quit
https://huggingface.co/datasets/allenai/objaverse/resolve/main/glbs/000-125/64f14b1d4edb43258bb3104f4424813e.glb
the object name starts with http
downloading the object here
Failed to render https://huggingface.co/datasets/allenai/objaverse/resolve/main/glbs/000-125/64f14b1d4edb43258bb3104f4424813e.glb
<urlopen error [SSL: CERTIFICATE_VERIFY_FAILED] certificate verify failed: unable to get local issuer certificate (_ssl.c:997)>
Blender 3.3.1 (hash b292cfe5a936 built 2022-10-05 00:14:35)
/run/user/210289/gvfs/ non-existent directory

Blender quit
https://huggingface.co/datasets/allenai/objaverse/resolve/main/glbs/000-118/921ccd2090f443c09b13d74e4d276aeb.glb
the object name starts with http
downloading the object here
Failed to render https://huggingface.co/datasets/allenai/objaverse/resolve/main/glbs/000-118/921ccd2090f443c09b13d74e4d276aeb.glb
<urlopen error [SSL: CERTIFICATE_VERIFY_FAILED] certificate verify failed: unable to get local issuer certificate (_ssl.c:997)>
Blender 3.3.1 (hash b292cfe5a936 built 2022-10-05 00:14:35)
/run/user/210289/gvfs/ non-existent directory

Blender quit
https://huggingface.co/datasets/allenai/objaverse/resolve/main/glbs/000-075/5d3d8c8d4aa14d9db070b18c4c128864.glb
the object name starts with http
downloading the object here
Failed to render https://huggingface.co/datasets/allenai/objaverse/resolve/main/glbs/000-075/5d3d8c8d4aa14d9db070b18c4c128864.glb
<urlopen error [SSL: CERTIFICATE_VERIFY_FAILED] certificate verify failed: unable to get local issuer certificate (_ssl.c:997)>
Blender 3.3.1 (hash b292cfe5a936 built 2022-10-05 00:14:35)
/run/user/210289/gvfs/ non-existent directory

Blender quit
https://huggingface.co/datasets/allenai/objaverse/resolve/main/glbs/000-022/41fa3210e50944eaa489c148e5e2ccc7.glb
the object name starts with http
downloading the object here
Failed to render https://huggingface.co/datasets/allenai/objaverse/resolve/main/glbs/000-022/41fa3210e50944eaa489c148e5e2ccc7.glb
<urlopen error [SSL: CERTIFICATE_VERIFY_FAILED] certificate verify failed: unable to get local issuer certificate (_ssl.c:997)>
Blender 3.3.1 (hash b292cfe5a936 built 2022-10-05 00:14:35)
/run/user/210289/gvfs/ non-existent directory

Blender quit
https://huggingface.co/datasets/allenai/objaverse/resolve/main/glbs/000-054/d97b0ec2bdfb4006bc4904cd7147482b.glb
the object name starts with http
downloading the object here
Failed to render https://huggingface.co/datasets/allenai/objaverse/resolve/main/glbs/000-054/d97b0ec2bdfb4006bc4904cd7147482b.glb
<urlopen error [SSL: CERTIFICATE_VERIFY_FAILED] certificate verify failed: unable to get local issuer certificate (_ssl.c:997)>
Blender 3.3.1 (hash b292cfe5a936 built 2022-10-05 00:14:35)
/run/user/210289/gvfs/ non-existent directory

Blender quit
https://huggingface.co/datasets/allenai/objaverse/resolve/main/glbs/000-021/d5d882096fda4248bb5ff5dc6c37300e.glb
the object name starts with http
downloading the object here
Failed to render https://huggingface.co/datasets/allenai/objaverse/resolve/main/glbs/000-021/d5d882096fda4248bb5ff5dc6c37300e.glb
<urlopen error [SSL: CERTIFICATE_VERIFY_FAILED] certificate verify failed: unable to get local issuer certificate (_ssl.c:997)>
Blender 3.3.1 (hash b292cfe5a936 built 2022-10-05 00:14:35)
/run/user/210289/gvfs/ non-existent directory

Blender quit
https://huggingface.co/datasets/allenai/objaverse/resolve/main/glbs/000-124/c8d2ae976cec4fcabe1837f1caa40b8e.glb
the object name starts with http
downloading the object here
Failed to render https://huggingface.co/datasets/allenai/objaverse/resolve/main/glbs/000-124/c8d2ae976cec4fcabe1837f1caa40b8e.glb
<urlopen error [SSL: CERTIFICATE_VERIFY_FAILED] certificate verify failed: unable to get local issuer certificate (_ssl.c:997)>
Blender 3.3.1 (hash b292cfe5a936 built 2022-10-05 00:14:35)
/run/user/210289/gvfs/ non-existent directory

Blender quit
https://huggingface.co/datasets/allenai/objaverse/resolve/main/glbs/000-074/3c08d8a970c242399a9086bc439a7ad8.glb
the object name starts with http
downloading the object here
Failed to render https://huggingface.co/datasets/allenai/objaverse/resolve/main/glbs/000-074/3c08d8a970c242399a9086bc439a7ad8.glb
<urlopen error [SSL: CERTIFICATE_VERIFY_FAILED] certificate verify failed: unable to get local issuer certificate (_ssl.c:997)>
Blender 3.3.1 (hash b292cfe5a936 built 2022-10-05 00:14:35)
/run/user/210289/gvfs/ non-existent directory

Blender quit
https://huggingface.co/datasets/allenai/objaverse/resolve/main/glbs/000-091/c0a1e0cd1c744f55b5c7df7e8f43eba9.glb
the object name starts with http
downloading the object here
Failed to render https://huggingface.co/datasets/allenai/objaverse/resolve/main/glbs/000-091/c0a1e0cd1c744f55b5c7df7e8f43eba9.glb
<urlopen error [SSL: CERTIFICATE_VERIFY_FAILED] certificate verify failed: unable to get local issuer certificate (_ssl.c:997)>
Blender 3.3.1 (hash b292cfe5a936 built 2022-10-05 00:14:35)
/run/user/210289/gvfs/ non-existent directory

Blender quit
https://huggingface.co/datasets/allenai/objaverse/resolve/main/glbs/000-064/b4a2c7380da24adf8ac7777870088983.glb
the object name starts with http
downloading the object here
Failed to render https://huggingface.co/datasets/allenai/objaverse/resolve/main/glbs/000-064/b4a2c7380da24adf8ac7777870088983.glb
<urlopen error [SSL: CERTIFICATE_VERIFY_FAILED] certificate verify failed: unable to get local issuer certificate (_ssl.c:997)>
Blender 3.3.1 (hash b292cfe5a936 built 2022-10-05 00:14:35)
/run/user/210289/gvfs/ non-existent directory

Blender quit
https://huggingface.co/datasets/allenai/objaverse/resolve/main/glbs/000-059/92e7a7e5cac2442285d99137c4f097a2.glb
the object name starts with http
downloading the object here
Failed to render https://huggingface.co/datasets/allenai/objaverse/resolve/main/glbs/000-059/92e7a7e5cac2442285d99137c4f097a2.glb
<urlopen error [SSL: CERTIFICATE_VERIFY_FAILED] certificate verify failed: unable to get local issuer certificate (_ssl.c:997)>
Blender 3.3.1 (hash b292cfe5a936 built 2022-10-05 00:14:35)
/run/user/210289/gvfs/ non-existent directory

Blender quit
=== JOB_STATISTICS ===
=== current date     : Fri Aug  4 13:49:04 CEST 2023
= Job-ID             : 798652 on alex
= Job-Name           : rendering.slurm
= Job-Command        : /home/hpc/b112dc/b112dc10/git/objaverse-rendering/slurm_files/rendering.slurm
= Initial workdir    : /home/hpc/b112dc/b112dc10/git/objaverse-rendering
= Queue/Partition    : a40
= Slurm account      : b112dc with QOS=normal
= Requested resources: cpu=16,mem=60000M,node=1,billing=16,gres/gpu=1,gres/gpu:a40=1 for 08:00:00
= Elapsed runtime    : 00:01:07
= Total RAM usage    : 0.1 GiB of assigned 58 GiB (0.2%)   
= Node list          : a0424
= Subm/Elig/Start/End: 2023-08-04T13:47:57 / 2023-08-04T13:47:57 / 2023-08-04T13:47:57 / 2023-08-04T13:49:04
======================
=== Quota infos ======
    Path              Used     SoftQ    HardQ    Gracetime  Filec    FileQ    FiHaQ    FileGrace    
    /home/hpc           48.6G    52.4G   104.9G        N/A     379K     500K   1,000K        N/A    
    /home/vault          0.0K   524.3G  1048.6G        N/A       1      200K     400K        N/A    
======================
=== GPU utilization ==
gpu_name, gpu_bus_id, pid, gpu_utilization [%], mem_utilization [%], max_memory_usage [MiB], time [ms]
